#
# A fatal error has been detected by the Java Runtime Environment:
#
#  EXCEPTION_ACCESS_VIOLATION (0xc0000005) at pc=0x00007ffce34e4155, pid=26268, tid=25260
#
# JRE version: OpenJDK Runtime Environment Corretto-17.0.17.10.1 (17.0.17+10) (build 17.0.17+10-LTS)
# Java VM: OpenJDK 64-Bit Server VM Corretto-17.0.17.10.1 (17.0.17+10-LTS, mixed mode, sharing, tiered, compressed oops, compressed class ptrs, g1 gc, windows-amd64)
# Problematic frame:
# V  [jvm.dll+0x5a4155]
#
# No core dump will be written. Minidumps are not enabled by default on client versions of Windows
#
# If you would like to submit a bug report, please visit:
#   https://github.com/corretto/corretto-17/issues/
#

---------------  S U M M A R Y ------------

Command Line: -javaagent:C:\Program Files\JetBrains\IntelliJ IDEA Community Edition 2025.2.3\lib\idea_rt.jar=61324 -Dfile.encoding=UTF-8 az.itbrains.foodielocal.FoodielocalApplication

Host: Intel(R) Core(TM) i9-14900HX, 32 cores, 31G,  Windows 11 , 64 bit Build 26100 (10.0.26100.7019)
Time: Mon Dec  1 17:23:30 2025 Azerbaijan Standard Time elapsed time: 2.089099 seconds (0d 0h 0m 2s)

---------------  T H R E A D  ---------------

Current thread (0x00000169abf256d0):  JavaThread "C2 CompilerThread6" daemon [_thread_in_native, id=25260, stack(0x0000005547800000,0x0000005547900000)]


Current CompileTask:
C2:2089 4962   !   4       java.net.URL::<init> (543 bytes)

Stack: [0x0000005547800000,0x0000005547900000],  sp=0x00000055478fa8d0,  free space=1002k
Native frames: (J=compiled Java code, j=interpreted, Vv=VM code, C=native code)
V  [jvm.dll+0x5a4155]
V  [jvm.dll+0x5a620c]
V  [jvm.dll+0x5a5858]
V  [jvm.dll+0x591bd4]
V  [jvm.dll+0x226c64]
V  [jvm.dll+0x22706d]
V  [jvm.dll+0x22007b]
V  [jvm.dll+0x21d0da]
V  [jvm.dll+0x1a8c70]
V  [jvm.dll+0x22d9fb]
V  [jvm.dll+0x22bb86]
V  [jvm.dll+0x7f747b]
V  [jvm.dll+0x7f187c]
V  [jvm.dll+0x689ee7]
C  [ucrtbase.dll+0x37b0]
C  [KERNEL32.DLL+0x2e8d7]
C  [ntdll.dll+0x8c53c]


siginfo: EXCEPTION_ACCESS_VIOLATION (0xc0000005), reading address 0x000000000000004b


Registers:
RAX=0x0000000000000023, RBX=0x0000000000000023, RCX=0x00000055478fad60, RDX=0x0000000000000024
RSP=0x00000055478fa8d0, RBP=0x00000000000000af, RSI=0x0000000000000023, RDI=0x00000055478fad60
R8 =0x00000055478fad90, R9 =0x0000000010000000, R10=0x00000169ad94f378, R11=0x00000169b0edbdd8
R12=0x0000000000000000, R13=0x00000055478fad60, R14=0x00000169ad94f400, R15=0x00000169ad94f400
RIP=0x00007ffce34e4155, EFLAGS=0x0000000000010202

XMM[0]=0x0000000000000000 0x0000000000000000
XMM[1]=0x0000000000000000 0x0000000000000000
XMM[2]=0x0000000000000000 0x0000000000000000
XMM[3]=0x0000000000000000 0x0000000000000000
XMM[4]=0x0000000000000000 0x0000000000000000
XMM[5]=0x0000000000000000 0x0000000000000000
XMM[6]=0x0000000000000000 0x0000000000000000
XMM[7]=0x0000000000000000 0x0000000000000000
XMM[8]=0x0000000000000000 0x0000000000000000
XMM[9]=0x0000000000000000 0x0000000000000000
XMM[10]=0x0000000000000000 0x0000000000000000
XMM[11]=0x0000000000000000 0x0000000000000000
XMM[12]=0x0000000000000000 0x0000000000000000
XMM[13]=0x0000000000000000 0x0000000000000000
XMM[14]=0x0000000000000000 0x0000000000000000
XMM[15]=0x0000000000000000 0x0000000000000000
  MXCSR=0x00001fa0


Register to memory mapping:

RIP=0x00007ffce34e4155 jvm.dll
RAX=0x0000000000000023 is an unknown value
RBX=0x0000000000000023 is an unknown value
RCX=0x00000055478fad60 is pointing into the stack for thread: 0x00000169abf256d0
RDX=0x0000000000000024 is an unknown value
RSP=0x00000055478fa8d0 is pointing into the stack for thread: 0x00000169abf256d0
RBP=0x00000000000000af is an unknown value
RSI=0x0000000000000023 is an unknown value
RDI=0x00000055478fad60 is pointing into the stack for thread: 0x00000169abf256d0
R8 =0x00000055478fad90 is pointing into the stack for thread: 0x00000169abf256d0
R9 =0x0000000010000000 is an unknown value
R10=0x00000169ad94f378 points into unknown readable memory: 0x00000169ad94e6e0 | e0 e6 94 ad 69 01 00 00
R11=0x00000169b0edbdd8 points into unknown readable memory: 0x0000000000000000 | 00 00 00 00 00 00 00 00
R12=0x0 is NULL
R13=0x00000055478fad60 is pointing into the stack for thread: 0x00000169abf256d0
R14=0x00000169ad94f400 points into unknown readable memory: 0x00007ffce3861780 | 80 17 86 e3 fc 7f 00 00
R15=0x00000169ad94f400 points into unknown readable memory: 0x00007ffce3861780 | 80 17 86 e3 fc 7f 00 00


Top of Stack: (sp=0x00000055478fa8d0)
0x00000055478fa8d0:   0000000000000023 00000169ad94f400
0x00000055478fa8e0:   00000169ae3d7318 00000169aaa8f058
0x00000055478fa8f0:   0000000000000015 00000169ae3d7318
0x00000055478fa900:   0000000000000002 00007ffce34e1d37
0x00000055478fa910:   00000000000000af 00000169ad94f400
0x00000055478fa920:   00000055478fad60 00000169ad94f400
0x00000055478fa930:   00000000000000af 00000055478fad60
0x00000055478fa940:   000000000000001c 0000000000000001
0x00000055478fa950:   0000000000000023 00007ffce34e620c
0x00000055478fa960:   0000000000000023 00000169ad94f400
0x00000055478fa970:   00000055478fad60 00000055478fad60
0x00000055478fa980:   0000000000000001 00007ffce34e5858
0x00000055478fa990:   00000055478faa50 00000000000000af
0x00000055478fa9a0:   00000169ad94f390 0000000000000001
0x00000055478fa9b0:   00000169abac5180 0000000000000000
0x00000055478fa9c0:   00000055478fad60 00000169ac1b4c30
0x00000055478fa9d0:   00000055478faae0 00007ffce34d1bd4
0x00000055478fa9e0:   00000169362d0d30 00000055478faa30
0x00000055478fa9f0:   0000000000000000 00000169ac1b4c30
0x00000055478faa00:   00000055478faa50 00000055478faa10
0x00000055478faa10:   00000169acba3020 0000000000001000
0x00000055478faa20:   00000169ada75470 00007ffc00000000
0x00000055478faa30:   0000000000000200 00000169ad65c360
0x00000055478faa40:   0000005500000200 00000169acba3020
0x00000055478faa50:   00000169b1af56d0 00000169b1b01100
0x00000055478faa60:   00000169b1af3fb0 00000169acba3020
0x00000055478faa70:   00000169acba3020 00007ffc00000004
0x00000055478faa80:   00000169ac0bc540 0000016900000000
0x00000055478faa90:   0000000000000020 00007ffce374473b
0x00000055478faaa0:   0000000000000000 0000000000000000
0x00000055478faab0:   0000000000000000 00000169ad5e2100
0x00000055478faac0:   00000169af7e9308 00007ffce31e985c 

Instructions: (pc=0x00007ffce34e4155)
0x00007ffce34e4055:   ce 48 89 34 f8 48 8b 06 ff 50 10 8b 5e 28 41 8b
0x00007ffce34e4065:   4e 28 84 c0 74 2c 3b d9 72 0b 8b d3 49 8d 4e 20
0x00007ffce34e4075:   e8 06 4c 0c 00 49 8b 46 30 4c 8b c5 44 8b 4c 24
0x00007ffce34e4085:   60 48 8b d6 49 8b ce 4c 89 3c d8 e8 2b 71 ff ff
0x00007ffce34e4095:   eb 1b 3b d9 72 0b 8b d3 49 8d 4e 20 e8 da 4b 0c
0x00007ffce34e40a5:   00 49 8b 46 30 48 8d 55 01 48 89 14 d8 48 8b 5c
0x00007ffce34e40b5:   24 40 48 8b 6c 24 48 48 8b 74 24 50 48 83 c4 20
0x00007ffce34e40c5:   41 5f 41 5e 5f c3 cc cc cc cc cc 40 53 57 41 54
0x00007ffce34e40d5:   41 56 48 83 ec 68 8b 42 28 45 33 e4 4c 8b f2 48
0x00007ffce34e40e5:   8b f9 3b 41 28 73 0d 44 8b c0 48 8b 41 30 4a 8b
0x00007ffce34e40f5:   0c c0 eb 03 49 8b cc 48 89 6c 24 60 48 89 74 24
0x00007ffce34e4105:   58 4c 89 6c 24 50 4c 89 7c 24 48 f6 c1 01 0f 84
0x00007ffce34e4115:   6e 0a 00 00 48 8b cf e8 0f ad fd ff 48 89 84 24
0x00007ffce34e4125:   90 00 00 00 48 8b f0 48 85 c0 75 24 4c 8d 0d 30
0x00007ffce34e4135:   81 3b 00 ba a9 03 00 00 4c 8d 05 34 81 3b 00 48
0x00007ffce34e4145:   8d 0d ad 8d 3a 00 e8 a0 8b ca ff e8 8b 69 0e 00
0x00007ffce34e4155:   8b 46 28 3b 47 28 73 0f 8b c8 48 8b 47 30 48 8b
0x00007ffce34e4165:   34 c8 48 85 f6 75 07 48 8b b7 90 09 00 00 41 8b
0x00007ffce34e4175:   46 18 83 e8 03 83 f8 01 0f 87 04 0a 00 00 49 8b
0x00007ffce34e4185:   56 08 48 8b cf 48 8b 52 08 e8 9d ac fd ff 49 8b
0x00007ffce34e4195:   56 08 48 8b cf 4c 8b f8 48 8b 52 10 e8 8a ac fd
0x00007ffce34e41a5:   ff 41 83 7e 18 03 48 8b e8 49 8b 56 08 b8 10 00
0x00007ffce34e41b5:   00 00 b9 18 00 00 00 0f 44 c8 48 8b 14 11 48 8b
0x00007ffce34e41c5:   cf e8 65 ac fd ff 4c 8b e8 4d 85 ff 75 24 4c 8d
0x00007ffce34e41d5:   0d 8e 80 3b 00 ba a9 03 00 00 4c 8d 05 92 80 3b
0x00007ffce34e41e5:   00 48 8d 0d 0b 8d 3a 00 e8 fe 8a ca ff e8 e9 68
0x00007ffce34e41f5:   0e 00 41 8b 4f 28 3b 4f 28 73 0d 48 8b 47 30 4c
0x00007ffce34e4205:   8b 3c c8 4d 85 ff 75 07 4c 8b bf 90 09 00 00 48
0x00007ffce34e4215:   85 ed 75 24 4c 8d 0d 48 80 3b 00 ba a9 03 00 00
0x00007ffce34e4225:   4c 8d 05 4c 80 3b 00 48 8d 0d c5 8c 3a 00 e8 b8
0x00007ffce34e4235:   8a ca ff e8 a3 68 0e 00 8b 45 28 3b 47 28 73 0f
0x00007ffce34e4245:   8b c8 48 8b 47 30 48 8b 2c c8 48 85 ed 75 07 48 


Stack slot to memory mapping:
stack at sp + 0 slots: 0x0000000000000023 is an unknown value
stack at sp + 1 slots: 0x00000169ad94f400 points into unknown readable memory: 0x00007ffce3861780 | 80 17 86 e3 fc 7f 00 00
stack at sp + 2 slots: 0x00000169ae3d7318 points into unknown readable memory: 0x00007ffce3865880 | 80 58 86 e3 fc 7f 00 00
stack at sp + 3 slots: 0x00000169aaa8f058 points into unknown readable memory: 0x00007ffce38607b0 | b0 07 86 e3 fc 7f 00 00
stack at sp + 4 slots: 0x0000000000000015 is an unknown value
stack at sp + 5 slots: 0x00000169ae3d7318 points into unknown readable memory: 0x00007ffce3865880 | 80 58 86 e3 fc 7f 00 00
stack at sp + 6 slots: 0x0000000000000002 is an unknown value
stack at sp + 7 slots: 0x00007ffce34e1d37 jvm.dll


---------------  P R O C E S S  ---------------

Threads class SMR info:
_java_thread_list=0x00000169af538ea0, length=29, elements={
0x00000169362b7be0, 0x00000169610f88a0, 0x00000169610f9460, 0x000001696110e720,
0x0000016964a7f390, 0x0000016964a7fc60, 0x0000016964a81540, 0x0000016964a85640,
0x0000016964a93490, 0x0000016964a97590, 0x0000016964a904c0, 0x0000016964a91f50,
0x0000016964bee640, 0x0000016964a90a10, 0x00000169aa1937f0, 0x0000016964d036e0,
0x0000016964a914b0, 0x00000169aacfcd70, 0x00000169aacfd250, 0x0000016964a929f0,
0x0000016964a92f40, 0x00000169abf266c0, 0x00000169abf24c30, 0x00000169abf276b0,
0x00000169ae2563e0, 0x00000169ae2559c0, 0x00000169ae254a90, 0x00000169abf256d0,
0x00000169abf28bf0
}

Java Threads: ( => current thread )
  0x00000169362b7be0 JavaThread "main" [_thread_blocked, id=42464, stack(0x0000005543c00000,0x0000005543d00000)]
  0x00000169610f88a0 JavaThread "Reference Handler" daemon [_thread_blocked, id=3056, stack(0x0000005544300000,0x0000005544400000)]
  0x00000169610f9460 JavaThread "Finalizer" daemon [_thread_blocked, id=36520, stack(0x0000005544400000,0x0000005544500000)]
  0x000001696110e720 JavaThread "Signal Dispatcher" daemon [_thread_blocked, id=25800, stack(0x0000005544500000,0x0000005544600000)]
  0x0000016964a7f390 JavaThread "Attach Listener" daemon [_thread_blocked, id=4100, stack(0x0000005544600000,0x0000005544700000)]
  0x0000016964a7fc60 JavaThread "Service Thread" daemon [_thread_blocked, id=34636, stack(0x0000005544700000,0x0000005544800000)]
  0x0000016964a81540 JavaThread "Monitor Deflation Thread" daemon [_thread_blocked, id=41788, stack(0x0000005544800000,0x0000005544900000)]
  0x0000016964a85640 JavaThread "C2 CompilerThread0" daemon [_thread_in_native, id=36632, stack(0x0000005544900000,0x0000005544a00000)]
  0x0000016964a93490 JavaThread "C1 CompilerThread0" daemon [_thread_blocked, id=24424, stack(0x0000005544a00000,0x0000005544b00000)]
  0x0000016964a97590 JavaThread "Sweeper thread" daemon [_thread_blocked, id=31936, stack(0x0000005544b00000,0x0000005544c00000)]
  0x0000016964a904c0 JavaThread "C1 CompilerThread1" daemon [_thread_blocked, id=26432, stack(0x0000005544c00000,0x0000005544d00000)]
  0x0000016964a91f50 JavaThread "C1 CompilerThread2" daemon [_thread_blocked, id=22744, stack(0x0000005544d00000,0x0000005544e00000)]
  0x0000016964bee640 JavaThread "Common-Cleaner" daemon [_thread_blocked, id=28280, stack(0x0000005544e00000,0x0000005544f00000)]
  0x0000016964a90a10 JavaThread "C2 CompilerThread1" daemon [_thread_in_native, id=11152, stack(0x0000005544f00000,0x0000005545000000)]
  0x00000169aa1937f0 JavaThread "Monitor Ctrl-Break" daemon [_thread_in_native, id=22792, stack(0x0000005545000000,0x0000005545100000)]
  0x0000016964d036e0 JavaThread "Notification Thread" daemon [_thread_blocked, id=34956, stack(0x0000005545100000,0x0000005545200000)]
  0x0000016964a914b0 JavaThread "C2 CompilerThread2" daemon [_thread_in_native, id=34048, stack(0x0000005545300000,0x0000005545400000)]
  0x00000169aacfcd70 JavaThread "Thread-0" [_thread_blocked, id=5980, stack(0x0000005545400000,0x0000005545500000)]
  0x00000169aacfd250 JavaThread "restartedMain" [_thread_in_vm, id=704, stack(0x0000005545500000,0x0000005545600000)]
  0x0000016964a929f0 JavaThread "C2 CompilerThread3" daemon [_thread_blocked, id=38288, stack(0x0000005546200000,0x0000005546300000)]
  0x0000016964a92f40 JavaThread "C1 CompilerThread3" daemon [_thread_blocked, id=30964, stack(0x0000005546300000,0x0000005546400000)]
  0x00000169abf266c0 JavaThread "C1 CompilerThread4" daemon [_thread_blocked, id=27220, stack(0x0000005546400000,0x0000005546500000)]
  0x00000169abf24c30 JavaThread "C2 CompilerThread4" daemon [_thread_blocked, id=31196, stack(0x0000005546500000,0x0000005546600000)]
  0x00000169abf276b0 JavaThread "C2 CompilerThread5" daemon [_thread_in_native, id=33068, stack(0x0000005547100000,0x0000005547200000)]
  0x00000169ae2563e0 JavaThread "Catalina-utility-1" [_thread_blocked, id=6276, stack(0x0000005547500000,0x0000005547600000)]
  0x00000169ae2559c0 JavaThread "Catalina-utility-2" [_thread_blocked, id=32524, stack(0x0000005547600000,0x0000005547700000)]
  0x00000169ae254a90 JavaThread "container-0" [_thread_blocked, id=31588, stack(0x0000005547700000,0x0000005547800000)]
=>0x00000169abf256d0 JavaThread "C2 CompilerThread6" daemon [_thread_in_native, id=25260, stack(0x0000005547800000,0x0000005547900000)]
  0x00000169abf28bf0 JavaThread "C2 CompilerThread7" daemon [_thread_blocked, id=20880, stack(0x0000005547900000,0x0000005547a00000)]

Other Threads:
  0x00000169610f4360 VMThread "VM Thread" [stack: 0x0000005544200000,0x0000005544300000] [id=40108]
  0x0000016964d03bc0 WatcherThread [stack: 0x0000005545200000,0x0000005545300000] [id=41072]
  0x0000016936329b90 GCTaskThread "GC Thread#0" [stack: 0x0000005543d00000,0x0000005543e00000] [id=30704]
  0x00000169aa904560 GCTaskThread "GC Thread#1" [stack: 0x0000005545600000,0x0000005545700000] [id=16444]
  0x00000169aa904ae0 GCTaskThread "GC Thread#2" [stack: 0x0000005545700000,0x0000005545800000] [id=33784]
  0x00000169aa905060 GCTaskThread "GC Thread#3" [stack: 0x0000005545800000,0x0000005545900000] [id=26620]
  0x00000169aa904820 GCTaskThread "GC Thread#4" [stack: 0x0000005545900000,0x0000005545a00000] [id=15860]
  0x00000169aa904da0 GCTaskThread "GC Thread#5" [stack: 0x0000005545a00000,0x0000005545b00000] [id=15072]
  0x00000169aa903d20 GCTaskThread "GC Thread#6" [stack: 0x0000005545b00000,0x0000005545c00000] [id=24192]
  0x00000169aa9034e0 GCTaskThread "GC Thread#7" [stack: 0x0000005545c00000,0x0000005545d00000] [id=37436]
  0x00000169aa9037a0 GCTaskThread "GC Thread#8" [stack: 0x0000005545d00000,0x0000005545e00000] [id=31116]
  0x00000169aa9042a0 GCTaskThread "GC Thread#9" [stack: 0x0000005545e00000,0x0000005545f00000] [id=13888]
  0x00000169aa903a60 GCTaskThread "GC Thread#10" [stack: 0x0000005545f00000,0x0000005546000000] [id=43116]
  0x00000169aa903fe0 GCTaskThread "GC Thread#11" [stack: 0x0000005546000000,0x0000005546100000] [id=19872]
  0x00000169ab3a09e0 GCTaskThread "GC Thread#12" [stack: 0x0000005546600000,0x0000005546700000] [id=29020]
  0x00000169ab3a1d20 GCTaskThread "GC Thread#13" [stack: 0x0000005546700000,0x0000005546800000] [id=41620]
  0x00000169ab3a0460 GCTaskThread "GC Thread#14" [stack: 0x0000005546800000,0x0000005546900000] [id=2260]
  0x00000169ab39eba0 GCTaskThread "GC Thread#15" [stack: 0x0000005546100000,0x0000005546200000] [id=28120]
  0x00000169ab39ee60 GCTaskThread "GC Thread#16" [stack: 0x0000005546e00000,0x0000005546f00000] [id=7056]
  0x00000169ab3a1220 GCTaskThread "GC Thread#17" [stack: 0x0000005546f00000,0x0000005547000000] [id=34044]
  0x00000169ab39f6a0 GCTaskThread "GC Thread#18" [stack: 0x0000005547000000,0x0000005547100000] [id=15984]
  0x00000169ae955670 GCTaskThread "GC Thread#19" [stack: 0x0000005547200000,0x0000005547300000] [id=14848]
  0x00000169ae954330 GCTaskThread "GC Thread#20" [stack: 0x0000005547300000,0x0000005547400000] [id=39724]
  0x00000169ae954070 GCTaskThread "GC Thread#21" [stack: 0x0000005547400000,0x0000005547500000] [id=24076]
  0x00000169ae9548b0 GCTaskThread "GC Thread#22" [stack: 0x0000005547a00000,0x0000005547b00000] [id=6980]
  0x000001693633b2c0 ConcurrentGCThread "G1 Main Marker" [stack: 0x0000005543e00000,0x0000005543f00000] [id=16752]
  0x000001693633d490 ConcurrentGCThread "G1 Conc#0" [stack: 0x0000005543f00000,0x0000005544000000] [id=35288]
  0x00000169ab3a14e0 ConcurrentGCThread "G1 Conc#1" [stack: 0x0000005546900000,0x0000005546a00000] [id=8260]
  0x00000169ab39f960 ConcurrentGCThread "G1 Conc#2" [stack: 0x0000005546a00000,0x0000005546b00000] [id=22380]
  0x00000169ab3a1fe0 ConcurrentGCThread "G1 Conc#3" [stack: 0x0000005546b00000,0x0000005546c00000] [id=26552]
  0x00000169ab3a0720 ConcurrentGCThread "G1 Conc#4" [stack: 0x0000005546c00000,0x0000005546d00000] [id=37212]
  0x00000169ab3a0ca0 ConcurrentGCThread "G1 Conc#5" [stack: 0x0000005546d00000,0x0000005546e00000] [id=27852]
  0x00000169610837a0 ConcurrentGCThread "G1 Refine#0" [stack: 0x0000005544000000,0x0000005544100000] [id=35904]
  0x0000016961085080 ConcurrentGCThread "G1 Service" [stack: 0x0000005544100000,0x0000005544200000] [id=26428]

Threads with active compile tasks:
C2 CompilerThread0  2114 4995       4       sun.invoke.util.VerifyAccess::isClassAccessible (230 bytes)
C2 CompilerThread1  2114 4997       4       java.lang.invoke.MethodHandle::<init> (37 bytes)
C2 CompilerThread2  2114 4994       4       java.lang.invoke.LambdaForm::prepare (112 bytes)
C2 CompilerThread5  2114 4998       4       jdk.internal.org.objectweb.asm.MethodWriter::computeAllFrames (510 bytes)
C2 CompilerThread6  2114 4962   !   4       java.net.URL::<init> (543 bytes)

VM state: not at safepoint (normal execution)

VM Mutex/Monitor currently owned by a thread: None

Heap address: 0x0000000606000000, size: 8096 MB, Compressed Oops mode: Zero based, Oop shift amount: 3

CDS archive(s) mapped at: [0x0000016965000000-0x0000016965bb0000-0x0000016965bb0000), size 12255232, SharedBaseAddress: 0x0000016965000000, ArchiveRelocationMode: 1.
Compressed class space mapped at: 0x0000016966000000-0x00000169a6000000, reserved size: 1073741824
Narrow klass base: 0x0000016965000000, Narrow klass shift: 0, Narrow klass range: 0x100000000

GC Precious Log:
 CPUs: 32 total, 32 available
 Memory: 32378M
 Large Page Support: Disabled
 NUMA Support: Disabled
 Compressed Oops: Enabled (Zero based)
 Heap Region Size: 4M
 Heap Min Capacity: 8M
 Heap Initial Capacity: 508M
 Heap Max Capacity: 8096M
 Pre-touch: Disabled
 Parallel Workers: 23
 Concurrent Workers: 6
 Concurrent Refinement Workers: 23
 Periodic GC: Disabled

Heap:
 garbage-first heap   total 69632K, used 41860K [0x0000000606000000, 0x0000000800000000)
  region size 4096K, 7 young (28672K), 1 survivors (4096K)
 Metaspace       used 41299K, committed 41792K, reserved 1114112K
  class space    used 5571K, committed 5824K, reserved 1048576K

Heap Regions: E=young(eden), S=young(survivor), O=old, HS=humongous(starts), HC=humongous(continues), CS=collection set, F=free, OA=open archive, CA=closed archive, TAMS=top-at-mark-start (previous, next)
|   0|0x0000000606000000, 0x0000000606400000, 0x0000000606400000|100%| O|  |TAMS 0x0000000606400000, 0x0000000606000000| Untracked 
|   1|0x0000000606400000, 0x0000000606800000, 0x0000000606800000|100%| O|  |TAMS 0x0000000606625200, 0x0000000606400000| Untracked 
|   2|0x0000000606800000, 0x0000000606c00000, 0x0000000606c00000|100%| O|  |TAMS 0x0000000606c00000, 0x0000000606800000| Untracked 
|   3|0x0000000606c00000, 0x0000000606c9b600, 0x0000000607000000| 15%| O|  |TAMS 0x0000000606c00000, 0x0000000606c00000| Untracked 
|   4|0x0000000607000000, 0x0000000607000000, 0x0000000607400000|  0%| F|  |TAMS 0x0000000607000000, 0x0000000607000000| Untracked 
|   5|0x0000000607400000, 0x0000000607400000, 0x0000000607800000|  0%| F|  |TAMS 0x0000000607400000, 0x0000000607400000| Untracked 
|   6|0x0000000607800000, 0x0000000607c00000, 0x0000000607c00000|100%| O|  |TAMS 0x0000000607c00000, 0x0000000607800000| Untracked 
|   7|0x0000000607c00000, 0x0000000608000000, 0x0000000608000000|100%| O|  |TAMS 0x0000000608000000, 0x0000000607c00000| Untracked 
|   8|0x0000000608000000, 0x0000000608000000, 0x0000000608400000|  0%| F|  |TAMS 0x0000000608000000, 0x0000000608000000| Untracked 
|   9|0x0000000608400000, 0x0000000608400000, 0x0000000608800000|  0%| F|  |TAMS 0x0000000608400000, 0x0000000608400000| Untracked 
|  10|0x0000000608800000, 0x0000000608b6aaf0, 0x0000000608c00000| 85%| E|  |TAMS 0x0000000608800000, 0x0000000608800000| Complete 
|  11|0x0000000608c00000, 0x0000000609000000, 0x0000000609000000|100%| E|CS|TAMS 0x0000000608c00000, 0x0000000608c00000| Complete 
|  12|0x0000000609000000, 0x0000000609400000, 0x0000000609400000|100%| E|CS|TAMS 0x0000000609000000, 0x0000000609000000| Complete 
|  13|0x0000000609400000, 0x0000000609800000, 0x0000000609800000|100%| E|CS|TAMS 0x0000000609400000, 0x0000000609400000| Complete 
| 124|0x0000000625000000, 0x0000000625400000, 0x0000000625400000|100%| E|CS|TAMS 0x0000000625000000, 0x0000000625000000| Complete 
| 125|0x0000000625400000, 0x0000000625445d28, 0x0000000625800000|  6%| S|CS|TAMS 0x0000000625400000, 0x0000000625400000| Complete 
| 126|0x0000000625800000, 0x0000000625c00000, 0x0000000625c00000|100%| E|CS|TAMS 0x0000000625800000, 0x0000000625800000| Complete 

Card table byte_map: [0x000001694f120000,0x00000169500f0000] _byte_map_base: 0x000001694c0f0000

Marking Bits (Prev, Next): (CMBitMap*) 0x0000016936329fc0, (CMBitMap*) 0x000001693632a000
 Prev Bits: [0x00000169510c0000, 0x0000016958f40000)
 Next Bits: [0x0000016958f40000, 0x0000016960dc0000)

Polling page: 0x0000016935a60000

Metaspace:

Usage:
  Non-class:     34.90 MB used.
      Class:      5.44 MB used.
       Both:     40.34 MB used.

Virtual space:
  Non-class space:       64.00 MB reserved,      35.12 MB ( 55%) committed,  1 nodes.
      Class space:        1.00 GB reserved,       5.69 MB ( <1%) committed,  1 nodes.
             Both:        1.06 GB reserved,      40.81 MB (  4%) committed. 

Chunk freelists:
   Non-Class:  12.69 MB
       Class:  10.23 MB
        Both:  22.92 MB

MaxMetaspaceSize: unlimited
CompressedClassSpaceSize: 1.00 GB
Initial GC threshold: 21.00 MB
Current GC threshold: 58.75 MB
CDS: on
MetaspaceReclaimPolicy: balanced
 - commit_granule_bytes: 65536.
 - commit_granule_words: 8192.
 - virtual_space_node_default_size: 8388608.
 - enlarge_chunks_in_place: 1.
 - new_chunks_are_fully_committed: 0.
 - uncommit_free_chunks: 1.
 - use_allocation_guard: 0.
 - handle_deallocations: 1.


Internal statistics:

num_allocs_failed_limit: 6.
num_arena_births: 618.
num_arena_deaths: 0.
num_vsnodes_births: 2.
num_vsnodes_deaths: 0.
num_space_committed: 653.
num_space_uncommitted: 0.
num_chunks_returned_to_freelist: 6.
num_chunks_taken_from_freelist: 2163.
num_chunk_merges: 3.
num_chunk_splits: 1497.
num_chunks_enlarged: 1118.
num_inconsistent_stats: 0.

CodeHeap 'non-profiled nmethods': size=118848Kb used=3098Kb max_used=3392Kb free=115749Kb
 bounds [0x0000016945a10000, 0x0000016945d90000, 0x000001694ce20000]
CodeHeap 'profiled nmethods': size=118848Kb used=8638Kb max_used=10674Kb free=110209Kb
 bounds [0x000001693de20000, 0x000001693e890000, 0x0000016945230000]
CodeHeap 'non-nmethods': size=8064Kb used=3490Kb max_used=3601Kb free=4573Kb
 bounds [0x0000016945230000, 0x00000169455c0000, 0x0000016945a10000]
 total_blobs=4835 nmethods=4286 adapters=457
 compilation: enabled
              stopped_count=0, restarted_count=0
 full_count=0

Compilation events (20 events):
Event: 2.064 Thread 0x0000016964a91f50 4983       3       net.bytebuddy.description.type.TypeDescription$Generic$LazyProjection::<init> (5 bytes)
Event: 2.064 Thread 0x00000169abf266c0 nmethod 4982 0x000001693e0f4110 code [0x000001693e0f42c0, 0x000001693e0f4538]
Event: 2.064 Thread 0x0000016964a93490 nmethod 4980 0x000001693def3f90 code [0x000001693def41c0, 0x000001693def4a48]
Event: 2.064 Thread 0x0000016964a92f40 nmethod 4981 0x000001693e1ba190 code [0x000001693e1ba360, 0x000001693e1ba638]
Event: 2.064 Thread 0x0000016964a91f50 nmethod 4983 0x000001693debcd10 code [0x000001693debcec0, 0x000001693debd0f8]
Event: 2.065 Thread 0x0000016964a904c0 4984       3       net.bytebuddy.description.type.TypeDescription$AbstractBase::hashCode (54 bytes)
Event: 2.065 Thread 0x0000016964a904c0 nmethod 4984 0x000001693e22e490 code [0x000001693e22e660, 0x000001693e22e938]
Event: 2.066 Thread 0x0000016964a85640 nmethod 4964 0x0000016945b6ff10 code [0x0000016945b70100, 0x0000016945b71118]
Event: 2.078 Thread 0x0000016964a904c0 4986       3       java.util.concurrent.ConcurrentHashMap::getOrDefault (16 bytes)
Event: 2.078 Thread 0x0000016964a91f50 4985       3       jdk.internal.module.ServicesCatalog::findServices (17 bytes)
Event: 2.078 Thread 0x0000016964a93490 4987       3       java.lang.ClassLoader::getResources (55 bytes)
Event: 2.078 Thread 0x0000016964a92f40 4988       3       java.lang.CompoundEnumeration::<init> (10 bytes)
Event: 2.078 Thread 0x0000016964a904c0 nmethod 4986 0x000001693e097710 code [0x000001693e0978c0, 0x000001693e097a68]
Event: 2.078 Thread 0x0000016964a91f50 nmethod 4985 0x000001693e2a3710 code [0x000001693e2a38e0, 0x000001693e2a3c28]
Event: 2.078 Thread 0x0000016964a92f40 nmethod 4988 0x000001693e099f10 code [0x000001693e09a0c0, 0x000001693e09a278]
Event: 2.078 Thread 0x0000016964a93490 nmethod 4987 0x000001693deb1110 code [0x000001693deb1360, 0x000001693deb2038]
Event: 2.084 Thread 0x0000016964a93490 4989       3       java.lang.invoke.MethodHandles$Lookup::lookupModes (8 bytes)
Event: 2.084 Thread 0x0000016964a93490 nmethod 4989 0x000001693de88190 code [0x000001693de88320, 0x000001693de88438]
Event: 2.086 Thread 0x0000016964a92f40 4991       1       java.util.Formatter$FixedString::index (3 bytes)
Event: 2.086 Thread 0x0000016964a92f40 nmethod 4991 0x0000016945be7810 code [0x0000016945be79a0, 0x0000016945be7a78]

GC Heap History (18 events):
Event: 0.258 GC heap before
{Heap before GC invocations=0 (full 0):
 garbage-first heap   total 520192K, used 20480K [0x0000000606000000, 0x0000000800000000)
  region size 4096K, 6 young (24576K), 0 survivors (0K)
 Metaspace       used 4624K, committed 4864K, reserved 1114112K
  class space    used 520K, committed 640K, reserved 1048576K
}
Event: 0.261 GC heap after
{Heap after GC invocations=1 (full 0):
 garbage-first heap   total 520192K, used 7236K [0x0000000606000000, 0x0000000800000000)
  region size 4096K, 1 young (4096K), 1 survivors (4096K)
 Metaspace       used 4624K, committed 4864K, reserved 1114112K
  class space    used 520K, committed 640K, reserved 1048576K
}
Event: 0.477 GC heap before
{Heap before GC invocations=1 (full 0):
 garbage-first heap   total 520192K, used 27716K [0x0000000606000000, 0x0000000800000000)
  region size 4096K, 6 young (24576K), 1 survivors (4096K)
 Metaspace       used 9776K, committed 10112K, reserved 1114112K
  class space    used 1262K, committed 1408K, reserved 1048576K
}
Event: 0.479 GC heap after
{Heap after GC invocations=2 (full 0):
 garbage-first heap   total 520192K, used 9026K [0x0000000606000000, 0x0000000800000000)
  region size 4096K, 1 young (4096K), 1 survivors (4096K)
 Metaspace       used 9776K, committed 10112K, reserved 1114112K
  class space    used 1262K, committed 1408K, reserved 1048576K
}
Event: 0.832 GC heap before
{Heap before GC invocations=2 (full 0):
 garbage-first heap   total 520192K, used 62274K [0x0000000606000000, 0x0000000800000000)
  region size 4096K, 15 young (61440K), 1 survivors (4096K)
 Metaspace       used 21018K, committed 21312K, reserved 1114112K
  class space    used 2691K, committed 2816K, reserved 1048576K
}
Event: 0.834 GC heap after
{Heap after GC invocations=3 (full 0):
 garbage-first heap   total 520192K, used 13560K [0x0000000606000000, 0x0000000800000000)
  region size 4096K, 2 young (8192K), 2 survivors (8192K)
 Metaspace       used 21018K, committed 21312K, reserved 1114112K
  class space    used 2691K, committed 2816K, reserved 1048576K
}
Event: 0.841 GC heap before
{Heap before GC invocations=3 (full 0):
 garbage-first heap   total 520192K, used 13560K [0x0000000606000000, 0x0000000800000000)
  region size 4096K, 3 young (12288K), 2 survivors (8192K)
 Metaspace       used 21200K, committed 21504K, reserved 1114112K
  class space    used 2716K, committed 2880K, reserved 1048576K
}
Event: 0.842 GC heap after
{Heap after GC invocations=4 (full 0):
 garbage-first heap   total 520192K, used 13909K [0x0000000606000000, 0x0000000800000000)
  region size 4096K, 2 young (8192K), 2 survivors (8192K)
 Metaspace       used 21200K, committed 21504K, reserved 1114112K
  class space    used 2716K, committed 2880K, reserved 1048576K
}
Event: 1.108 GC heap before
{Heap before GC invocations=5 (full 0):
 garbage-first heap   total 69632K, used 46677K [0x0000000606000000, 0x0000000800000000)
  region size 4096K, 11 young (45056K), 2 survivors (8192K)
 Metaspace       used 24982K, committed 25344K, reserved 1114112K
  class space    used 3216K, committed 3392K, reserved 1048576K
}
Event: 1.111 GC heap after
{Heap after GC invocations=6 (full 0):
 garbage-first heap   total 69632K, used 16320K [0x0000000606000000, 0x0000000800000000)
  region size 4096K, 3 young (12288K), 3 survivors (12288K)
 Metaspace       used 24982K, committed 25344K, reserved 1114112K
  class space    used 3216K, committed 3392K, reserved 1048576K
}
Event: 1.146 GC heap before
{Heap before GC invocations=6 (full 0):
 garbage-first heap   total 69632K, used 20416K [0x0000000606000000, 0x0000000800000000)
  region size 4096K, 4 young (16384K), 3 survivors (12288K)
 Metaspace       used 25423K, committed 25792K, reserved 1114112K
  class space    used 3284K, committed 3456K, reserved 1048576K
}
Event: 1.149 GC heap after
{Heap after GC invocations=7 (full 0):
 garbage-first heap   total 69632K, used 17137K [0x0000000606000000, 0x0000000800000000)
  region size 4096K, 1 young (4096K), 1 survivors (4096K)
 Metaspace       used 25423K, committed 25792K, reserved 1114112K
  class space    used 3284K, committed 3456K, reserved 1048576K
}
Event: 1.485 GC heap before
{Heap before GC invocations=7 (full 0):
 garbage-first heap   total 69632K, used 45809K [0x0000000606000000, 0x0000000800000000)
  region size 4096K, 8 young (32768K), 1 survivors (4096K)
 Metaspace       used 29935K, committed 30336K, reserved 1114112K
  class space    used 3967K, committed 4160K, reserved 1048576K
}
Event: 1.487 GC heap after
{Heap after GC invocations=8 (full 0):
 garbage-first heap   total 69632K, used 18730K [0x0000000606000000, 0x0000000800000000)
  region size 4096K, 1 young (4096K), 1 survivors (4096K)
 Metaspace       used 29935K, committed 30336K, reserved 1114112K
  class space    used 3967K, committed 4160K, reserved 1048576K
}
Event: 1.872 GC heap before
{Heap before GC invocations=8 (full 0):
 garbage-first heap   total 69632K, used 47402K [0x0000000606000000, 0x0000000800000000)
  region size 4096K, 8 young (32768K), 1 survivors (4096K)
 Metaspace       used 35533K, committed 35968K, reserved 1114112K
  class space    used 4640K, committed 4864K, reserved 1048576K
}
Event: 1.875 GC heap after
{Heap after GC invocations=9 (full 0):
 garbage-first heap   total 69632K, used 21217K [0x0000000606000000, 0x0000000800000000)
  region size 4096K, 1 young (4096K), 1 survivors (4096K)
 Metaspace       used 35533K, committed 35968K, reserved 1114112K
  class space    used 4640K, committed 4864K, reserved 1048576K
}
Event: 1.875 GC heap before
{Heap before GC invocations=9 (full 0):
 garbage-first heap   total 69632K, used 21217K [0x0000000606000000, 0x0000000800000000)
  region size 4096K, 2 young (8192K), 1 survivors (4096K)
 Metaspace       used 35549K, committed 35968K, reserved 1114112K
  class space    used 4640K, committed 4864K, reserved 1048576K
}
Event: 1.877 GC heap after
{Heap after GC invocations=10 (full 0):
 garbage-first heap   total 69632K, used 21380K [0x0000000606000000, 0x0000000800000000)
  region size 4096K, 1 young (4096K), 1 survivors (4096K)
 Metaspace       used 35549K, committed 35968K, reserved 1114112K
  class space    used 4640K, committed 4864K, reserved 1048576K
}

Dll operation events (12 events):
Event: 0.004 Loaded shared library C:\Users\MaqaZeynalov08\.jdks\corretto-17.0.17\bin\java.dll
Event: 0.013 Loaded shared library C:\Users\MaqaZeynalov08\.jdks\corretto-17.0.17\bin\jsvml.dll
Event: 0.047 Loaded shared library C:\Users\MaqaZeynalov08\.jdks\corretto-17.0.17\bin\zip.dll
Event: 0.048 Loaded shared library C:\Users\MaqaZeynalov08\.jdks\corretto-17.0.17\bin\instrument.dll
Event: 0.050 Loaded shared library C:\Users\MaqaZeynalov08\.jdks\corretto-17.0.17\bin\net.dll
Event: 0.051 Loaded shared library C:\Users\MaqaZeynalov08\.jdks\corretto-17.0.17\bin\nio.dll
Event: 0.052 Loaded shared library C:\Users\MaqaZeynalov08\.jdks\corretto-17.0.17\bin\zip.dll
Event: 0.087 Loaded shared library C:\Users\MaqaZeynalov08\.jdks\corretto-17.0.17\bin\extnet.dll
Event: 0.100 Loaded shared library C:\Users\MaqaZeynalov08\.jdks\corretto-17.0.17\bin\jimage.dll
Event: 0.220 Loaded shared library C:\Users\MaqaZeynalov08\.jdks\corretto-17.0.17\bin\management.dll
Event: 0.223 Loaded shared library C:\Users\MaqaZeynalov08\.jdks\corretto-17.0.17\bin\management_ext.dll
Event: 0.864 Loaded shared library C:\Users\MaqaZeynalov08\.jdks\corretto-17.0.17\bin\sunmscapi.dll

Deoptimization events (20 events):
Event: 1.774 Thread 0x00000169aacfd250 Uncommon trap: trap_request=0xfffffff4 fr.pc=0x0000016945bf7a5c relative=0x000000000000077c
Event: 1.774 Thread 0x00000169aacfd250 Uncommon trap: reason=null_check action=make_not_entrant pc=0x0000016945bf7a5c method=org.springframework.beans.factory.support.DefaultListableBeanFactory.getBeanDefinition(Ljava/lang/String;)Lorg/springframework/beans/factory/config/BeanDefinition; @ 10 
Event: 1.774 Thread 0x00000169aacfd250 DEOPT PACKING pc=0x0000016945bf7a5c sp=0x00000055455fc1b0
Event: 1.774 Thread 0x00000169aacfd250 DEOPT UNPACKING pc=0x00000169452869a3 sp=0x00000055455fc0e8 mode 2
Event: 1.779 Thread 0x00000169aacfd250 Uncommon trap: trap_request=0xffffff45 fr.pc=0x0000016945b5b420 relative=0x00000000000018e0
Event: 1.779 Thread 0x00000169aacfd250 Uncommon trap: reason=unstable_if action=reinterpret pc=0x0000016945b5b420 method=java.net.URLStreamHandler.parseURL(Ljava/net/URL;Ljava/lang/String;II)V @ 155 c2
Event: 1.779 Thread 0x00000169aacfd250 DEOPT PACKING pc=0x0000016945b5b420 sp=0x00000055455fc130
Event: 1.779 Thread 0x00000169aacfd250 DEOPT UNPACKING pc=0x00000169452869a3 sp=0x00000055455fc0e0 mode 2
Event: 1.796 Thread 0x00000169aacfd250 Uncommon trap: trap_request=0xffffff45 fr.pc=0x0000016945d1da6c relative=0x00000000000038ec
Event: 1.796 Thread 0x00000169aacfd250 Uncommon trap: reason=unstable_if action=reinterpret pc=0x0000016945d1da6c method=java.net.URL.<init>(Ljava/net/URL;Ljava/lang/String;Ljava/net/URLStreamHandler;)V @ 57 c2
Event: 1.796 Thread 0x00000169aacfd250 DEOPT PACKING pc=0x0000016945d1da6c sp=0x00000055455fd790
Event: 1.796 Thread 0x00000169aacfd250 DEOPT UNPACKING pc=0x00000169452869a3 sp=0x00000055455fd750 mode 2
Event: 1.965 Thread 0x00000169aacfd250 Uncommon trap: trap_request=0xffffff54 fr.pc=0x0000016945b2587c relative=0x00000000000010dc
Event: 1.965 Thread 0x00000169aacfd250 Uncommon trap: reason=speculate_null_assert action=make_not_entrant pc=0x0000016945b2587c method=java.util.jar.JarFile.getVersionedEntry(Ljava/lang/String;Ljava/util/jar/JarEntry;)Ljava/util/jar/JarEntry; @ 115 c2
Event: 1.965 Thread 0x00000169aacfd250 DEOPT PACKING pc=0x0000016945b2587c sp=0x00000055455f8fc0
Event: 1.965 Thread 0x00000169aacfd250 DEOPT UNPACKING pc=0x00000169452869a3 sp=0x00000055455f8f28 mode 2
Event: 2.060 Thread 0x00000169aacfd250 Uncommon trap: trap_request=0xffffffdc fr.pc=0x0000016945ab4fdc relative=0x000000000000023c
Event: 2.060 Thread 0x00000169aacfd250 Uncommon trap: reason=class_check action=make_not_entrant pc=0x0000016945ab4fdc method=java.util.ArrayList.toArray([Ljava/lang/Object;)[Ljava/lang/Object; @ 21 c2
Event: 2.060 Thread 0x00000169aacfd250 DEOPT PACKING pc=0x0000016945ab4fdc sp=0x00000055455fc580
Event: 2.060 Thread 0x00000169aacfd250 DEOPT UNPACKING pc=0x00000169452869a3 sp=0x00000055455fc540 mode 2

Classes loaded (20 events):
Event: 1.961 Loading class javax/xml/stream/XMLEventFactory
Event: 1.961 Loading class javax/xml/stream/XMLEventFactory done
Event: 1.961 Loading class javax/xml/stream/FactoryFinder
Event: 1.961 Loading class javax/xml/stream/FactoryFinder done
Event: 1.962 Loading class javax/xml/stream/FactoryFinder$1
Event: 1.962 Loading class javax/xml/stream/FactoryFinder$1 done
Event: 1.962 Loading class com/sun/xml/internal/stream/events/XMLEventFactoryImpl
Event: 1.962 Loading class com/sun/xml/internal/stream/events/XMLEventFactoryImpl done
Event: 1.972 Loading class java/lang/Process
Event: 1.972 Loading class java/lang/Process done
Event: 1.978 Loading class java/lang/reflect/GenericSignatureFormatError
Event: 1.978 Loading class java/lang/reflect/GenericSignatureFormatError done
Event: 2.079 Loading class javax/naming/InvalidNameException
Event: 2.079 Loading class javax/naming/InvalidNameException done
Event: 2.079 Loading class javax/naming/event/NamingListener
Event: 2.079 Loading class javax/naming/event/NamingListener done
Event: 2.080 Loading class javax/naming/event/NamespaceChangeListener
Event: 2.080 Loading class javax/naming/event/NamespaceChangeListener done
Event: 2.087 Loading class java/lang/AbstractMethodError
Event: 2.087 Loading class java/lang/AbstractMethodError done

Classes unloaded (0 events):
No events

Classes redefined (0 events):
No events

Internal exceptions (20 events):
Event: 1.454 Thread 0x00000169aacfd250 Exception <a 'java/lang/NoSuchMethodError'{0x0000000608475fe8}: 'void java.lang.invoke.DirectMethodHandle$Holder.invokeInterface(java.lang.Object, java.lang.Object, int)'> (0x0000000608475fe8) 
thrown [s\src\hotspot\share\interpreter\linkResolver.cpp, line 759]
Event: 1.456 Thread 0x00000169aacfd250 Exception <a 'java/lang/IncompatibleClassChangeError'{0x00000006084c6930}: Found class java.lang.Object, but interface was expected> (0x00000006084c6930) 
thrown [s\src\hotspot\share\interpreter\linkResolver.cpp, line 826]
Event: 1.456 Thread 0x00000169aacfd250 Exception <a 'java/lang/NoSuchMethodError'{0x00000006084d76f8}: 'int java.lang.invoke.DirectMethodHandle$Holder.invokeSpecialIFC(java.lang.Object, java.lang.Object, java.lang.Object)'> (0x00000006084d76f8) 
thrown [s\src\hotspot\share\interpreter\linkResolver.cpp, line 759]
Event: 1.458 Thread 0x00000169aacfd250 Exception <a 'java/lang/NoSuchMethodError'{0x0000000608516360}: 'int java.lang.invoke.DirectMethodHandle$Holder.invokeSpecial(java.lang.Object, java.lang.Object, int)'> (0x0000000608516360) 
thrown [s\src\hotspot\share\interpreter\linkResolver.cpp, line 759]
Event: 1.459 Thread 0x00000169aacfd250 Exception <a 'java/lang/NoSuchMethodError'{0x00000006085243d0}: 'void java.lang.invoke.DirectMethodHandle$Holder.invokeVirtual(java.lang.Object, java.lang.Object, int)'> (0x00000006085243d0) 
thrown [s\src\hotspot\share\interpreter\linkResolver.cpp, line 759]
Event: 1.459 Thread 0x00000169aacfd250 Exception <a 'java/lang/NoSuchMethodError'{0x000000060852a608}: 'void java.lang.invoke.DirectMethodHandle$Holder.invokeStatic(java.lang.Object, java.lang.Object, java.lang.Object, int, java.lang.Object)'> (0x000000060852a608) 
thrown [s\src\hotspot\share\interpreter\linkResolver.cpp, line 759]
Event: 1.459 Thread 0x00000169aacfd250 Exception <a 'java/lang/NoSuchMethodError'{0x0000000608531b10}: 'java.lang.Object java.lang.invoke.DirectMethodHandle$Holder.newInvokeSpecial(java.lang.Object, java.lang.Object, java.lang.Object, int)'> (0x0000000608531b10) 
thrown [s\src\hotspot\share\interpreter\linkResolver.cpp, line 759]
Event: 1.459 Thread 0x00000169aacfd250 Exception <a 'java/lang/NoSuchMethodError'{0x0000000608535df8}: 'java.lang.Object java.lang.invoke.DirectMethodHandle$Holder.invokeSpecial(java.lang.Object, java.lang.Object, java.lang.Object, java.lang.Object, int)'> (0x0000000608535df8) 
thrown [s\src\hotspot\share\interpreter\linkResolver.cpp, line 759]
Event: 1.459 Thread 0x00000169aacfd250 Exception <a 'java/lang/NoSuchMethodError'{0x0000000608539c08}: 'java.lang.Object java.lang.invoke.Invokers$Holder.linkToTargetMethod(java.lang.Object, java.lang.Object, int, java.lang.Object)'> (0x0000000608539c08) 
thrown [s\src\hotspot\share\interpreter\linkResolver.cpp, line 759]
Event: 1.498 Thread 0x00000169aacfd250 Exception <a 'java/lang/NoSuchMethodError'{0x00000006258b1130}: 'java.lang.Object java.lang.invoke.DirectMethodHandle$Holder.invokeStaticInit(java.lang.Object, int, int, int, int)'> (0x00000006258b1130) 
thrown [s\src\hotspot\share\interpreter\linkResolver.cpp, line 759]
Event: 1.531 Thread 0x00000169aacfd250 Exception <a 'java/lang/NoSuchMethodError'{0x00000006259abc40}: 'java.lang.Object java.lang.invoke.DirectMethodHandle$Holder.invokeStaticInit(java.lang.Object, java.lang.Object, int, int, int, int)'> (0x00000006259abc40) 
thrown [s\src\hotspot\share\interpreter\linkResolver.cpp, line 759]
Event: 1.622 Thread 0x00000169aacfd250 Exception <a 'java/io/FileNotFoundException'{0x0000000625296960}> (0x0000000625296960) 
thrown [s\src\hotspot\share\prims\jni.cpp, line 516]
Event: 1.651 Thread 0x00000169aacfd250 Exception <a 'java/lang/NoSuchMethodError'{0x0000000609503800}: 'int java.lang.invoke.DirectMethodHandle$Holder.invokeInterface(java.lang.Object, java.lang.Object, java.lang.Object, java.lang.Object)'> (0x0000000609503800) 
thrown [s\src\hotspot\share\interpreter\linkResolver.cpp, line 759]
Event: 1.681 Thread 0x00000169aacfd250 Exception <a 'java/lang/NoSuchMethodError'{0x00000006097616c0}: 'long java.lang.invoke.DirectMethodHandle$Holder.invokeVirtual(java.lang.Object, java.lang.Object)'> (0x00000006097616c0) 
thrown [s\src\hotspot\share\interpreter\linkResolver.cpp, line 759]
Event: 1.693 Thread 0x00000169aacfd250 Exception <a 'java/lang/NoSuchMethodError'{0x0000000609027e80}: static Lorg/springframework/security/authentication/AbstractAuthenticationToken;.<clinit>()V> (0x0000000609027e80) 
thrown [s\src\hotspot\share\prims\jni.cpp, line 1112]
Event: 1.720 Thread 0x00000169aacfd250 Exception <a 'java/lang/NoSuchMethodError'{0x0000000609249020}: 'void java.lang.invoke.DirectMethodHandle$Holder.invokeVirtual(java.lang.Object, java.lang.Object, long)'> (0x0000000609249020) 
thrown [s\src\hotspot\share\interpreter\linkResolver.cpp, line 759]
Event: 1.741 Thread 0x00000169aacfd250 Implicit null exception at 0x0000016945cc8028 to 0x0000016945cc87fc
Event: 1.741 Thread 0x00000169aacfd250 Implicit null exception at 0x0000016945cab415 to 0x0000016945caba58
Event: 1.774 Thread 0x00000169aacfd250 Implicit null exception at 0x0000016945bf76f3 to 0x0000016945bf7a4c
Event: 2.085 Thread 0x00000169aacfd250 Exception <a 'java/lang/NoSuchMethodError'{0x00000006089590b8}: 'int java.lang.invoke.DirectMethodHandle$Holder.invokeStatic(java.lang.Object)'> (0x00000006089590b8) 
thrown [s\src\hotspot\share\interpreter\linkResolver.cpp, line 759]

VM Operations (20 events):
Event: 1.707 Executing VM operation: HandshakeAllThreads
Event: 1.707 Executing VM operation: HandshakeAllThreads done
Event: 1.854 Executing VM operation: HandshakeAllThreads
Event: 1.854 Executing VM operation: HandshakeAllThreads done
Event: 1.860 Executing VM operation: HandshakeAllThreads
Event: 1.860 Executing VM operation: HandshakeAllThreads done
Event: 1.864 Executing VM operation: ICBufferFull
Event: 1.864 Executing VM operation: ICBufferFull done
Event: 1.872 Executing VM operation: G1CollectForAllocation
Event: 1.875 Executing VM operation: G1CollectForAllocation done
Event: 1.875 Executing VM operation: CollectForMetadataAllocation
Event: 1.877 Executing VM operation: CollectForMetadataAllocation done
Event: 1.882 Executing VM operation: G1PauseRemark
Event: 1.883 Executing VM operation: G1PauseRemark done
Event: 1.885 Executing VM operation: G1PauseCleanup
Event: 1.886 Executing VM operation: G1PauseCleanup done
Event: 1.890 Executing VM operation: HandshakeAllThreads
Event: 1.890 Executing VM operation: HandshakeAllThreads done
Event: 1.895 Executing VM operation: HandshakeAllThreads
Event: 1.895 Executing VM operation: HandshakeAllThreads done

Memory protections (0 events):
No events

Nmethod flushes (20 events):
Event: 1.898 Thread 0x0000016964a97590 flushing  nmethod 0x000001693e66e910
Event: 1.898 Thread 0x0000016964a97590 flushing  nmethod 0x000001693e6aa690
Event: 1.898 Thread 0x0000016964a97590 flushing  nmethod 0x000001693e6b3910
Event: 1.898 Thread 0x0000016964a97590 flushing  nmethod 0x000001693e6f0310
Event: 1.898 Thread 0x0000016964a97590 flushing  nmethod 0x000001693e6f0890
Event: 1.898 Thread 0x0000016964a97590 flushing  nmethod 0x000001693e6f1110
Event: 1.898 Thread 0x0000016964a97590 flushing  nmethod 0x000001693e6f2510
Event: 1.898 Thread 0x0000016964a97590 flushing  nmethod 0x000001693e706810
Event: 1.898 Thread 0x0000016964a97590 flushing  nmethod 0x000001693e70aa90
Event: 1.898 Thread 0x0000016964a97590 flushing  nmethod 0x000001693e72b490
Event: 1.898 Thread 0x0000016964a97590 flushing  nmethod 0x000001693e72d110
Event: 1.898 Thread 0x0000016964a97590 flushing  nmethod 0x000001693e734410
Event: 1.898 Thread 0x0000016964a97590 flushing  nmethod 0x000001693e736310
Event: 1.898 Thread 0x0000016964a97590 flushing  nmethod 0x000001693e742d10
Event: 1.898 Thread 0x0000016964a97590 flushing  nmethod 0x000001693e764a90
Event: 1.898 Thread 0x0000016964a97590 flushing  nmethod 0x000001693e78c690
Event: 1.898 Thread 0x0000016964a97590 flushing  nmethod 0x000001693e7ad110
Event: 1.898 Thread 0x0000016964a97590 flushing  nmethod 0x000001693e7b7190
Event: 1.898 Thread 0x0000016964a97590 flushing  nmethod 0x000001693e7b7610
Event: 1.898 Thread 0x0000016964a97590 flushing  nmethod 0x000001693e7c6b90

Events (20 events):
Event: 0.046 Thread 0x0000016964a904c0 Thread added: 0x0000016964a90a10
Event: 0.083 Thread 0x00000169362b7be0 Thread added: 0x00000169aa1937f0
Event: 0.083 Thread 0x00000169362b7be0 Thread added: 0x0000016964d036e0
Event: 0.149 Thread 0x0000016964a91f50 Thread added: 0x0000016964a914b0
Event: 0.250 Thread 0x00000169362b7be0 Thread added: 0x00000169aacfcd70
Event: 0.253 Thread 0x00000169aacfcd70 Thread added: 0x00000169aacfd250
Event: 0.462 Thread 0x00000169aacfd250 Thread added: 0x00000169aaf62ee0
Event: 0.653 Thread 0x0000016964a93490 Thread added: 0x0000016964a929f0
Event: 0.668 Thread 0x0000016964a91f50 Thread added: 0x0000016964a92f40
Event: 0.668 Thread 0x0000016964a904c0 Thread added: 0x00000169abf266c0
Event: 0.702 Thread 0x0000016964a92f40 Thread added: 0x00000169abf24c30
Event: 0.705 Thread 0x00000169aacfd250 Thread added: 0x00000169aaf633f0
Event: 0.771 Thread 0x00000169aaf633f0 Thread exited: 0x00000169aaf633f0
Event: 0.868 Thread 0x00000169aaf62ee0 Thread exited: 0x00000169aaf62ee0
Event: 1.484 Thread 0x0000016964a93490 Thread added: 0x00000169abf276b0
Event: 1.711 Thread 0x00000169aacfd250 Thread added: 0x00000169ae2563e0
Event: 1.712 Thread 0x00000169ae2563e0 Thread added: 0x00000169ae2559c0
Event: 1.713 Thread 0x00000169aacfd250 Thread added: 0x00000169ae254a90
Event: 1.742 Thread 0x0000016964a92f40 Thread added: 0x00000169abf256d0
Event: 1.744 Thread 0x0000016964a92f40 Thread added: 0x00000169abf28bf0


Dynamic libraries:
0x00007ff762b60000 - 0x00007ff762b6e000 	C:\Users\MaqaZeynalov08\.jdks\corretto-17.0.17\bin\java.exe
0x00007ffd8cb80000 - 0x00007ffd8cde8000 	C:\WINDOWS\SYSTEM32\ntdll.dll
0x00007ffd8bff0000 - 0x00007ffd8c0b9000 	C:\WINDOWS\System32\KERNEL32.DLL
0x00007ffd89e30000 - 0x00007ffd8a228000 	C:\WINDOWS\System32\KERNELBASE.dll
0x00007ffd8a690000 - 0x00007ffd8a7db000 	C:\WINDOWS\System32\ucrtbase.dll
0x00007ffd848a0000 - 0x00007ffd848b8000 	C:\Users\MaqaZeynalov08\.jdks\corretto-17.0.17\bin\jli.dll
0x00007ffd75b30000 - 0x00007ffd75b4e000 	C:\Users\MaqaZeynalov08\.jdks\corretto-17.0.17\bin\VCRUNTIME140.dll
0x00007ffd8c0c0000 - 0x00007ffd8c287000 	C:\WINDOWS\System32\USER32.dll
0x00007ffd89cd0000 - 0x00007ffd89cf7000 	C:\WINDOWS\System32\win32u.dll
0x00007ffd6b560000 - 0x00007ffd6b7f4000 	C:\WINDOWS\WinSxS\amd64_microsoft.windows.common-controls_6595b64144ccf1df_6.0.26100.7019_none_3e06ffa0e335b8a8\COMCTL32.dll
0x00007ffd8b0d0000 - 0x00007ffd8b0fb000 	C:\WINDOWS\System32\GDI32.dll
0x00007ffd8c2c0000 - 0x00007ffd8c369000 	C:\WINDOWS\System32\msvcrt.dll
0x00007ffd89d00000 - 0x00007ffd89e2c000 	C:\WINDOWS\System32\gdi32full.dll
0x00007ffd8a7e0000 - 0x00007ffd8a883000 	C:\WINDOWS\System32\msvcp_win.dll
0x00007ffd8bf50000 - 0x00007ffd8bf81000 	C:\WINDOWS\System32\IMM32.DLL
0x00007ffd86860000 - 0x00007ffd8686c000 	C:\Users\MaqaZeynalov08\.jdks\corretto-17.0.17\bin\vcruntime140_1.dll
0x00007ffd75aa0000 - 0x00007ffd75b29000 	C:\Users\MaqaZeynalov08\.jdks\corretto-17.0.17\bin\msvcp140.dll
0x00007ffce2f40000 - 0x00007ffce3bb4000 	C:\Users\MaqaZeynalov08\.jdks\corretto-17.0.17\bin\server\jvm.dll
0x00007ffd8c960000 - 0x00007ffd8ca14000 	C:\WINDOWS\System32\ADVAPI32.dll
0x00007ffd8b9f0000 - 0x00007ffd8ba96000 	C:\WINDOWS\System32\sechost.dll
0x00007ffd8ca20000 - 0x00007ffd8cb38000 	C:\WINDOWS\System32\RPCRT4.dll
0x00007ffd8c470000 - 0x00007ffd8c4e4000 	C:\WINDOWS\System32\WS2_32.dll
0x00007ffd89990000 - 0x00007ffd899ee000 	C:\WINDOWS\SYSTEM32\POWRPROF.dll
0x00007ffd82810000 - 0x00007ffd8281b000 	C:\WINDOWS\SYSTEM32\VERSION.dll
0x00007ffd7c4b0000 - 0x00007ffd7c4e5000 	C:\WINDOWS\SYSTEM32\WINMM.dll
0x00007ffd89970000 - 0x00007ffd89984000 	C:\WINDOWS\SYSTEM32\UMPDC.dll
0x00007ffd88a30000 - 0x00007ffd88a4b000 	C:\WINDOWS\SYSTEM32\kernel.appcore.dll
0x00007ffd86770000 - 0x00007ffd8677a000 	C:\Users\MaqaZeynalov08\.jdks\corretto-17.0.17\bin\jimage.dll
0x00007ffd87330000 - 0x00007ffd87572000 	C:\WINDOWS\SYSTEM32\DBGHELP.DLL
0x00007ffd8ac00000 - 0x00007ffd8af8b000 	C:\WINDOWS\System32\combase.dll
0x00007ffd8aaa0000 - 0x00007ffd8ab77000 	C:\WINDOWS\System32\OLEAUT32.dll
0x00007ffd867d0000 - 0x00007ffd8680c000 	C:\WINDOWS\SYSTEM32\dbgcore.DLL
0x00007ffd8a520000 - 0x00007ffd8a5c5000 	C:\WINDOWS\System32\bcryptPrimitives.dll
0x00007ffd84870000 - 0x00007ffd8487f000 	C:\Users\MaqaZeynalov08\.jdks\corretto-17.0.17\bin\instrument.dll
0x00007ffd75a70000 - 0x00007ffd75a96000 	C:\Users\MaqaZeynalov08\.jdks\corretto-17.0.17\bin\java.dll
0x00007ffd702a0000 - 0x00007ffd70377000 	C:\Users\MaqaZeynalov08\.jdks\corretto-17.0.17\bin\jsvml.dll
0x00007ffd8b200000 - 0x00007ffd8b94f000 	C:\WINDOWS\System32\SHELL32.dll
0x00007ffd8a3b0000 - 0x00007ffd8a51b000 	C:\WINDOWS\System32\wintypes.dll
0x00007ffd87910000 - 0x00007ffd8816d000 	C:\WINDOWS\SYSTEM32\windows.storage.dll
0x00007ffd8b100000 - 0x00007ffd8b1f2000 	C:\WINDOWS\System32\SHCORE.dll
0x00007ffd8b060000 - 0x00007ffd8b0c7000 	C:\WINDOWS\System32\shlwapi.dll
0x00007ffd89bf0000 - 0x00007ffd89c19000 	C:\WINDOWS\SYSTEM32\profapi.dll
0x00007ffd703d0000 - 0x00007ffd703e8000 	C:\Users\MaqaZeynalov08\.jdks\corretto-17.0.17\bin\zip.dll
0x00007ffd75a50000 - 0x00007ffd75a6b000 	C:\Users\MaqaZeynalov08\.jdks\corretto-17.0.17\bin\net.dll
0x00007ffd83370000 - 0x00007ffd83498000 	C:\WINDOWS\SYSTEM32\WINHTTP.dll
0x00007ffd89070000 - 0x00007ffd890db000 	C:\WINDOWS\system32\mswsock.dll
0x00007ffd70410000 - 0x00007ffd70426000 	C:\Users\MaqaZeynalov08\.jdks\corretto-17.0.17\bin\nio.dll
0x00007ffd812e0000 - 0x00007ffd812e9000 	C:\Users\MaqaZeynalov08\.jdks\corretto-17.0.17\bin\extnet.dll
0x00007ffd703c0000 - 0x00007ffd703ca000 	C:\Users\MaqaZeynalov08\.jdks\corretto-17.0.17\bin\management.dll
0x00007ffd703b0000 - 0x00007ffd703bc000 	C:\Users\MaqaZeynalov08\.jdks\corretto-17.0.17\bin\management_ext.dll
0x00007ffd8c8d0000 - 0x00007ffd8c8d8000 	C:\WINDOWS\System32\PSAPI.DLL
0x00007ffd70400000 - 0x00007ffd7040e000 	C:\Users\MaqaZeynalov08\.jdks\corretto-17.0.17\bin\sunmscapi.dll
0x00007ffd8a230000 - 0x00007ffd8a3a7000 	C:\WINDOWS\System32\CRYPT32.dll
0x00007ffd89550000 - 0x00007ffd89580000 	C:\WINDOWS\SYSTEM32\ncrypt.dll
0x00007ffd89500000 - 0x00007ffd8953f000 	C:\WINDOWS\SYSTEM32\NTASN1.dll
0x00007ffd89330000 - 0x00007ffd8934b000 	C:\WINDOWS\SYSTEM32\CRYPTSP.dll
0x00007ffd889f0000 - 0x00007ffd88a2a000 	C:\WINDOWS\system32\rsaenh.dll
0x00007ffd89120000 - 0x00007ffd8914b000 	C:\WINDOWS\SYSTEM32\USERENV.dll
0x00007ffd89bc0000 - 0x00007ffd89bea000 	C:\WINDOWS\SYSTEM32\bcrypt.dll
0x00007ffd89350000 - 0x00007ffd8935c000 	C:\WINDOWS\SYSTEM32\CRYPTBASE.dll
0x00007ffd885f0000 - 0x00007ffd88624000 	C:\WINDOWS\SYSTEM32\IPHLPAPI.DLL
0x00007ffd8bf90000 - 0x00007ffd8bf9a000 	C:\WINDOWS\System32\NSI.dll
0x00007ffd839f0000 - 0x00007ffd83a0e000 	C:\WINDOWS\SYSTEM32\dhcpcsvc6.DLL
0x00007ffd839c0000 - 0x00007ffd839e3000 	C:\WINDOWS\SYSTEM32\dhcpcsvc.DLL
0x00007ffd88630000 - 0x00007ffd8875c000 	C:\WINDOWS\SYSTEM32\DNSAPI.dll

dbghelp: loaded successfully - version: 4.0.5 - missing functions: none
symbol engine: initialized successfully - sym options: 0x614 - pdb path: .;C:\Users\MaqaZeynalov08\.jdks\corretto-17.0.17\bin;C:\WINDOWS\SYSTEM32;C:\WINDOWS\WinSxS\amd64_microsoft.windows.common-controls_6595b64144ccf1df_6.0.26100.7019_none_3e06ffa0e335b8a8;C:\Users\MaqaZeynalov08\.jdks\corretto-17.0.17\bin\server

VM Arguments:
jvm_args: -javaagent:C:\Program Files\JetBrains\IntelliJ IDEA Community Edition 2025.2.3\lib\idea_rt.jar=61324 -Dfile.encoding=UTF-8 
java_command: az.itbrains.foodielocal.FoodielocalApplication
java_class_path (initial): C:\Users\MaqaZeynalov08\OneDrive\Desktop\Code\foodielocal\foodielocal\target\classes;C:\Users\MaqaZeynalov08\.m2\repository\org\springframework\boot\spring-boot-starter-data-jpa\3.5.7\spring-boot-starter-data-jpa-3.5.7.jar;C:\Users\MaqaZeynalov08\.m2\repository\org\springframework\boot\spring-boot-starter\3.5.7\spring-boot-starter-3.5.7.jar;C:\Users\MaqaZeynalov08\.m2\repository\org\springframework\boot\spring-boot-starter-logging\3.5.7\spring-boot-starter-logging-3.5.7.jar;C:\Users\MaqaZeynalov08\.m2\repository\ch\qos\logback\logback-classic\1.5.20\logback-classic-1.5.20.jar;C:\Users\MaqaZeynalov08\.m2\repository\ch\qos\logback\logback-core\1.5.20\logback-core-1.5.20.jar;C:\Users\MaqaZeynalov08\.m2\repository\org\apache\logging\log4j\log4j-to-slf4j\2.24.3\log4j-to-slf4j-2.24.3.jar;C:\Users\MaqaZeynalov08\.m2\repository\org\apache\logging\log4j\log4j-api\2.24.3\log4j-api-2.24.3.jar;C:\Users\MaqaZeynalov08\.m2\repository\org\slf4j\jul-to-slf4j\2.0.17\jul-to-slf4j-2.0.17.jar;C:\Users\MaqaZeynalov08\.m2\repository\jakarta\annotation\jakarta.annotation-api\2.1.1\jakarta.annotation-api-2.1.1.jar;C:\Users\MaqaZeynalov08\.m2\repository\org\yaml\snakeyaml\2.4\snakeyaml-2.4.jar;C:\Users\MaqaZeynalov08\.m2\repository\org\springframework\boot\spring-boot-starter-jdbc\3.5.7\spring-boot-starter-jdbc-3.5.7.jar;C:\Users\MaqaZeynalov08\.m2\repository\com\zaxxer\HikariCP\6.3.3\HikariCP-6.3.3.jar;C:\Users\MaqaZeynalov08\.m2\repository\org\springframework\spring-jdbc\6.2.12\spring-jdbc-6.2.12.jar;C:\Users\MaqaZeynalov08\.m2\repository\org\hibernate\orm\hibernate-core\6.6.33.Final\hibernate-core-6.6.33.Final.jar;C:\Users\MaqaZeynalov08\.m2\repository\jakarta\persistence\jakarta.persistence-api\3.1.0\jakarta.persistence-api-3.1.0.jar;C:\Users\MaqaZeynalov08\.m2\repository\jakarta\transaction\jakarta.transaction-api\2.0.1\jakarta.transaction-api-2.0.1.jar;C:\Users\MaqaZeynalov08\.m2\repository\org\jboss\logging\jboss-logging\3.6.1.Final\jboss-logging-3.6.1.Fi
Launcher Type: SUN_STANDARD

[Global flags]
     intx CICompilerCount                          = 15                                        {product} {ergonomic}
     uint ConcGCThreads                            = 6                                         {product} {ergonomic}
     uint G1ConcRefinementThreads                  = 23                                        {product} {ergonomic}
   size_t G1HeapRegionSize                         = 4194304                                   {product} {ergonomic}
    uintx GCDrainStackTargetSize                   = 64                                        {product} {ergonomic}
   size_t InitialHeapSize                          = 532676608                                 {product} {ergonomic}
   size_t MarkStackSize                            = 4194304                                   {product} {ergonomic}
   size_t MaxHeapSize                              = 8489271296                                {product} {ergonomic}
   size_t MaxNewSize                               = 5091885056                                {product} {ergonomic}
   size_t MinHeapDeltaBytes                        = 4194304                                   {product} {ergonomic}
   size_t MinHeapSize                              = 8388608                                   {product} {ergonomic}
    uintx NonNMethodCodeHeapSize                   = 8192380                                {pd product} {ergonomic}
    uintx NonProfiledCodeHeapSize                  = 121732930                              {pd product} {ergonomic}
    uintx ProfiledCodeHeapSize                     = 121732930                              {pd product} {ergonomic}
    uintx ReservedCodeCacheSize                    = 251658240                              {pd product} {ergonomic}
     bool SegmentedCodeCache                       = true                                      {product} {ergonomic}
   size_t SoftMaxHeapSize                          = 8489271296                             {manageable} {ergonomic}
     bool UseCompressedClassPointers               = true                           {product lp64_product} {ergonomic}
     bool UseCompressedOops                        = true                           {product lp64_product} {ergonomic}
     bool UseG1GC                                  = true                                      {product} {ergonomic}
     bool UseLargePagesIndividualAllocation        = false                                  {pd product} {ergonomic}

Logging:
Log output configuration:
 #0: stdout all=warning uptime,level,tags
 #1: stderr all=off uptime,level,tags

Environment Variables:
PATH=C:\WINDOWS\system32;C:\WINDOWS;C:\WINDOWS\System32\Wbem;C:\WINDOWS\System32\WindowsPowerShell\v1.0\;C:\WINDOWS\System32\OpenSSH\;C:\Program Files\NVIDIA Corporation\NVIDIA App\NvDLISR;C:\Program Files (x86)\NVIDIA Corporation\PhysX\Common;C:\Program Files\dotnet\;C:\Program Files\Git\cmd;C:\Program Files\cursor\resources\app\bin;C:\Users\MaqaZeynalov08\AppData\Local\Microsoft\WindowsApps;C:\Users\MaqaZeynalov08\AppData\Local\Programs\Microsoft VS Code\bin;C:\Program Files\JetBrains\IntelliJ IDEA Community Edition 2025.2.3\bin;C:\ProgramData\MaqaZeynalov08\GitHubDesktop\bin;C:\Program Files\JetBrains\DataGrip 2025.2.4\bin
USERNAME=MaqaZeynalov08
OS=Windows_NT
PROCESSOR_IDENTIFIER=Intel64 Family 6 Model 183 Stepping 1, GenuineIntel
TMP=C:\Users\MAQAZE~1\AppData\Local\Temp
TEMP=C:\Users\MAQAZE~1\AppData\Local\Temp



Periodic native trim disabled


---------------  S Y S T E M  ---------------

OS:
 Windows 11 , 64 bit Build 26100 (10.0.26100.7019)
OS uptime: 2 days 5:42 hours

CPU: total 32 (initial active 32) (16 cores per cpu, 2 threads per core) family 6 model 183 stepping 1 microcode 0x12b, cx8, cmov, fxsr, ht, mmx, 3dnowpref, sse, sse2, sse3, ssse3, sse4.1, sse4.2, popcnt, lzcnt, tsc, tscinvbit, avx, avx2, aes, erms, clmul, bmi1, bmi2, adx, sha, fma, vzeroupper, clflush, clflushopt, clwb
Processor Information for processor 0
  Max Mhz: 2200, Current Mhz: 2200, Mhz Limit: 2200
Processor Information for processor 1
  Max Mhz: 2200, Current Mhz: 2200, Mhz Limit: 2200
Processor Information for processor 2
  Max Mhz: 2200, Current Mhz: 2200, Mhz Limit: 2200
Processor Information for processor 3
  Max Mhz: 2200, Current Mhz: 2200, Mhz Limit: 2200
Processor Information for processor 4
  Max Mhz: 2200, Current Mhz: 2200, Mhz Limit: 2200
Processor Information for processor 5
  Max Mhz: 2200, Current Mhz: 2200, Mhz Limit: 2200
Processor Information for processor 6
  Max Mhz: 2200, Current Mhz: 2200, Mhz Limit: 2200
Processor Information for processor 7
  Max Mhz: 2200, Current Mhz: 2200, Mhz Limit: 2200
Processor Information for processor 8
  Max Mhz: 2200, Current Mhz: 2200, Mhz Limit: 2200
Processor Information for processor 9
  Max Mhz: 2200, Current Mhz: 2200, Mhz Limit: 2200
Processor Information for processor 10
  Max Mhz: 2200, Current Mhz: 2200, Mhz Limit: 2200
Processor Information for processor 11
  Max Mhz: 2200, Current Mhz: 2200, Mhz Limit: 2200
Processor Information for processor 12
  Max Mhz: 2200, Current Mhz: 2200, Mhz Limit: 2200
Processor Information for processor 13
  Max Mhz: 2200, Current Mhz: 2200, Mhz Limit: 2200
Processor Information for processor 14
  Max Mhz: 2200, Current Mhz: 2200, Mhz Limit: 2200
Processor Information for processor 15
  Max Mhz: 2200, Current Mhz: 2200, Mhz Limit: 2200
Processor Information for processor 16
  Max Mhz: 2200, Current Mhz: 1600, Mhz Limit: 1584
Processor Information for processor 17
  Max Mhz: 2200, Current Mhz: 1600, Mhz Limit: 1584
Processor Information for processor 18
  Max Mhz: 2200, Current Mhz: 1600, Mhz Limit: 1584
Processor Information for processor 19
  Max Mhz: 2200, Current Mhz: 1600, Mhz Limit: 1584
Processor Information for processor 20
  Max Mhz: 2200, Current Mhz: 1600, Mhz Limit: 1584
Processor Information for processor 21
  Max Mhz: 2200, Current Mhz: 1600, Mhz Limit: 1584
Processor Information for processor 22
  Max Mhz: 2200, Current Mhz: 1600, Mhz Limit: 1584
Processor Information for processor 23
  Max Mhz: 2200, Current Mhz: 1600, Mhz Limit: 1584
Processor Information for processor 24
  Max Mhz: 2200, Current Mhz: 1600, Mhz Limit: 1584
Processor Information for processor 25
  Max Mhz: 2200, Current Mhz: 1600, Mhz Limit: 1584
Processor Information for processor 26
  Max Mhz: 2200, Current Mhz: 1600, Mhz Limit: 1584
Processor Information for processor 27
  Max Mhz: 2200, Current Mhz: 1600, Mhz Limit: 1584
Processor Information for processor 28
  Max Mhz: 2200, Current Mhz: 1600, Mhz Limit: 1584
Processor Information for processor 29
  Max Mhz: 2200, Current Mhz: 1600, Mhz Limit: 1584
Processor Information for processor 30
  Max Mhz: 2200, Current Mhz: 1600, Mhz Limit: 1584
Processor Information for processor 31
  Max Mhz: 2200, Current Mhz: 1600, Mhz Limit: 1584

Memory: 4k page, system-wide physical 32378M (17923M free)
TotalPageFile size 34426M (AvailPageFile size 12464M)
current process WorkingSet (physical memory assigned to process): 280M, peak: 285M
current process commit charge ("private bytes"): 350M, peak: 709M

vm_info: OpenJDK 64-Bit Server VM (17.0.17+10-LTS) for windows-amd64 JRE (17.0.17+10-LTS), built on Oct 16 2025 05:23:10 by "Administrator" with unknown MS VC++:1944

END.
